components/dungeon/DungeonRoom.tsx(179,55): error TS2448: Block-scoped variable 'handleResolvePhase' used before its declaration.
components/dungeon/DungeonRoom.tsx(179,55): error TS2454: Variable 'handleResolvePhase' is used before being assigned.
